ok   1280x720 selfTest 918/0 (11668 ms) []
ok   1280x720 64 opened from map; calm toast 'Archers pin here: a hit sapper waits for its tower to fall'; coach 'Archer towers are back! Here a hit pins your sapper until its tower falls.'
ok   1280x720 64: a game with 4 hits, max 4 sapper(s) shown pinned, ends won (pins released, level won)
ok   1280x720 64 jam with pins: sheet 'Assault failed' / 'Line jammed: 11111 can't reach a block. Archers have pinned sappers until their towers fall.' chips 10 buttons ["Continue250","Retry","Back to map"]
ok   1280x720 66: red toast 'Deadly archers: a sapper they hit is lost'; coach 'Deadly archers: bring their tower down before anyone walks into the ring.'
ok   1280x720 66 short: 'Assault failed' / 'Not enough  sappers left: archers shot one down.' aria 'Not enough Timber left: archers shot one down.' cont false buttons ["Retry","Back to map"]
FAIL 1280x720 66: the sheet's primary button restarts the level (failed, plays 12)
FAIL 1280x720 66 stored order by real taps: failed hits 1
ok   1280x720 157 from map, stored order (44 real taps): won; sockets over time 3:oooLLooo 4:ooooLooo 5:oooooooo; coach 'null'
ok   1280x720 159 from map, stored order (48 real taps): won; sockets over time 3:oooLLooo 4:ooooLooo 5:oooooooo; coach 'null'
ok   1280x720 200 from map, stored order (49 real taps): won; sockets over time 3:oooLLooo 4:ooooLooo 5:oooooooo; coach 'The Goblin King sits in his hall. Dig him off his throne!'
FAIL v5.4 save: done 180/180, kept picture clears ["g-ours-g01","g-ours-g12","g-noto-1f432","g-tw-1f355","g-noto-1f431"], coins 1234; map nodes 250; code 1012 chars; decode no Save.decode
FAIL reset flow: locator.scrollIntoViewIfNeeded: Timeout 29991.954999999987ms exceeded.
Call log:
  - attempting scroll into view action
    2 × waiting for element to be stable
      - element is not visible
    - retrying scroll into view action
    - waiting 20ms
    2 × waiting for element to be stable
      - element is not visible
    - retrying scroll into view action
      - waiting 100ms
    56 × waiting for element to be stable
       - element is not visible
     - retrying scroll into view action
       - waiting 500ms

ok   375x812 selfTest 916/0 (8812 ms) []
ok   375x812 64 opened from map; calm toast 'Archers pin here: a hit sapper waits for its tower to fall'; coach 'Archer towers are back! Here a hit pins your sapper until its tower falls.'
ok   375x812 64: a game with 4 hits, max 4 sapper(s) shown pinned, ends won (pins released, level won)
ok   375x812 64 jam with pins: sheet 'Assault failed' / 'Line jammed: 11111 can't reach a block. Archers have pinned sappers until their towers fall.' chips 10 buttons ["Continue250","Retry","Back to map"]
ok   375x812 66: red toast 'Deadly archers: a sapper they hit is lost'; coach 'Deadly archers: bring their tower down before anyone walks into the ring.'
ok   375x812 66 short: 'Assault failed' / 'Not enough  sappers left: archers shot one down.' aria 'Not enough Timber left: archers shot one down.' cont false buttons ["Retry","Back to map"]
FAIL 375x812 66: the sheet's primary button restarts the level (failed, plays 12)
FAIL 375x812 66 stored order by real taps: failed hits 1
ok   375x812 157 from map, stored order (44 real taps): won; sockets over time 3:oooLLooo 4:ooooLooo 5:oooooooo; coach 'null'
ok   375x812 159 from map, stored order (48 real taps): won; sockets over time 3:oooLLooo 4:ooooLooo 5:oooooooo; coach 'null'
ok   375x812 200 from map, stored order (49 real taps): won; sockets over time 3:oooLLooo 4:ooooLooo 5:oooooooo; coach 'The Goblin King sits in his hall. Dig him off his throne!'
DATA {"self-1280x720":{"pass":918,"fail":[],"ms":11668},"64open-1280x720":{"fromMap":true,"toast":{"t":"Archers pin here: a hit sapper waits for its tower to fall","bad":false},"coach":"Archer towers are back! Here a hit pins your sapper until its tower falls."},"64pinwin-1280x720":{"pinned":4,"kinds":{"0":1,"3":1,"4":1},"opens":[{"tap":0,"open":4,"locked":1,"sl":"ooooLooo"},{"tap":1,"open":5,"locked":0,"sl":"oooooooo"}],"shut":[]},"64jam-1280x720":{"s":"failed","reason":"jam","pn":{"shown":true,"title":"Assault failed","line":"Line jammed: 11111 can't reach a block. Archers have pinned sappers until their towers fall.","lineAria":"Line jammed: Stone and Black can't reach a block. Archers have pinned sappers until their towers fall.","chips":10,"cont":true,"primary":"Retry","secondary":"Back to map","allButtons":["Continue250","Retry","Back to map"]}},"66open-1280x720":{"toast":{"t":"Deadly archers: a sapper they hit is lost","bad":true},"coach":"Deadly archers: bring their tower down before anyone walks into the ring."},"66short-1280x720":{"s":"failed","reason":"short","kills":1,"pn":{"shown":true,"title":"Assault failed","line":"Not enough  sappers left: archers shot one down.","lineAria":"Not enough Timber left: archers shot one down.","chips":2,"cont":false,"primary":"Retry","secondary":"Back to map","allButtons":["Retry","Back to map"]}},"locks157-1280x720":{"locks":[{"key":[2,37]},{"colour":4}],"toast":{"t":"Deadly archers: a sapper they hit is lost","bad":true},"coach":null,"opens":"3:oooLLooo 4:ooooLooo 5:oooooooo"},"locks159-1280x720":{"locks":[{"colour":6},{"colour":8}],"toast":{"t":"Deadly archers: a sapper they hit is lost","bad":true},"coach":null,"opens":"3:oooLLooo 4:ooooLooo 5:oooooooo"},"locks200-1280x720":{"locks":[{"colour":1},{"colour":7}],"toast":{"t":"Deadly archers: a sapper they hit is lost","bad":true},"coach":"The Goblin King sits in his hall. Dig him off his throne!","opens":"3:oooLLooo 4:ooooLooo 5:oooooooo"},"save":{"raw":{"done":180,"gal":["g-ours-g01","g-ours-g12","g-noto-1f432","g-tw-1f355","g-noto-1f431"],"dropped":["g-tw-1f355","g-noto-1f431","g-tw-1f98a"]},"sv":{"done":0,"st":180,"coins":1234,"store":{"done":180,"gal":["g-ours-g01","g-ours-g12","g-noto-1f432","g-tw-1f355","g-noto-1f431"],"coins":1234,"inv":{"ladder":2,"recall":1}}},"mapOk":{"nodes":250,"won":180},"code":"SP1.AtIJBQIAAAEAH7QBAZjyAQwoAQAAAAEAAAABAAAAAQAAAAEAAAABAAAAAQAAAAEAAAABAAAAAQAA","codeLen":1012,"dec":"no Save.decode"},"reset":"error locator.scrollIntoViewIfNeeded: Timeout 29991.954999999987ms exceeded.\nCall log:\n  - attempting scroll into view action\n    2 × waiting for element to be stable\n      - element is not visible\n    - retrying scroll into view action\n    - waiting 20ms\n    2 × waiting for element to be stable\n      - element is not visible\n    - retrying scroll into view action\n      - waiting 100ms\n    56 × waiting for element to be stable\n       - element is not visible\n     - retrying scroll into view action\n       - waiting 500ms\n","self-375x812":{"pass":916,"fail":[],"ms":8812},"64open-375x812":{"fromMap":true,"toast":{"t":"Archers pin here: a hit sapper waits for its tower to fall","bad":false},"coach":"Archer towers are back! Here a hit pins your sapper until its tower falls."},"64pinwin-375x812":{"pinned":4,"kinds":{"0":1,"3":1,"4":1},"opens":[{"tap":0,"open":4,"locked":1,"sl":"ooooLooo"},{"tap":1,"open":5,"locked":0,"sl":"oooooooo"}],"shut":[]},"64jam-375x812":{"s":"failed","reason":"jam","pn":{"shown":true,"title":"Assault failed","line":"Line jammed: 11111 can't reach a block. Archers have pinned sappers until their towers fall.","lineAria":"Line jammed: Stone and Black can't reach a block. Archers have pinned sappers until their towers fall.","chips":10,"cont":true,"primary":"Retry","secondary":"Back to map","allButtons":["Continue250","Retry","Back to map"]}},"66open-375x812":{"toast":{"t":"Deadly archers: a sapper they hit is lost","bad":true},"coach":"Deadly archers: bring their tower down before anyone walks into the ring."},"66short-375x812":{"s":"failed","reason":"short","kills":1,"pn":{"shown":true,"title":"Assault failed","line":"Not enough  sappers left: archers shot one down.","lineAria":"Not enough Timber left: archers shot one down.","chips":2,"cont":false,"primary":"Retry","secondary":"Back to map","allButtons":["Retry","Back to map"]}},"locks157-375x812":{"locks":[{"key":[2,37]},{"colour":4}],"toast":{"t":"Deadly archers: a sapper they hit is lost","bad":true},"coach":null,"opens":"3:oooLLooo 4:ooooLooo 5:oooooooo"},"locks159-375x812":{"locks":[{"colour":6},{"colour":8}],"toast":{"t":"Deadly archers: a sapper they hit is lost","bad":true},"coach":null,"opens":"3:oooLLooo 4:ooooLooo 5:oooooooo"},"locks200-375x812":{"locks":[{"colour":1},{"colour":7}],"toast":{"t":"Deadly archers: a sapper they hit is lost","bad":true},"coach":"The Goblin King sits in his hall. Dig him off his throne!","opens":"3:oooLLooo 4:ooooLooo 5:oooooooo"}}
console errors/warnings: 0
